// Jest Snapshot v1, https://goo.gl/fbAQLP

exports[`matches snapshot 1`] = `
<div
  data-testid="todo-3"
>
  <h1>
    make dinner
  </h1>
</div>
`;
